697
185
742
652
179
692
296
503
280
679
280
394
340
175
1336
126
244
521
558
547
501
392
1048
454
1235
