263
ddnzlpopfj
ggspqetszl
hhwabcgaua
yyypcvvqzx
hheomnaxqh
kkhihhmzvi
nnnbtkuvae
aavfdddyih
ppgldrnobz
kkifkfbsxi
hhyxphjbad
ddqmxrmxjw
aatljbzdae
ddibyqqmlw
aaoobeqosl
hhxaoykvog
aaxyetxuyw
hhbcdjwkpw
aaywauhwah
ggysrxlqyc
ppxhddhmlm
ppuploqenc
aaftaknrud
hhtgkbwauw
kkjhjkcgtb
gghukavevk
hhipnteypa
aakdiwyjwu
gghwqlqewn
xxxibaqyva
aawfedyddk
kkrvtnsbuh
ggwixommmx
hhlredfgrc
hhpurcimcx
hhwopwjaso
hhnhacnlwf
iiiqamfkwc
aalduxnrhe
ddvsyoyyxk
nnnpxdfiiz
aahyzglgzr
iiiwsigeqi
ggvupalrby
kkovrgudcg
ppcdjwiugo
bbbmebcrmz
ddtmgwxsha
hhrktdafoe
aaunxgojyi
hhisbcifjc
aapjuxgxgk
hhfvneojuv
aaetrvexvb
kkuycnymvw
ddbxgkvvfa
uuuowsxztr
aaqagjcmgg
ddawaqjcis
eeeochbuep
nnnhoyburf
ddlrfwbyeu
kkywnixkul
ddpjgrsfmd
ddolrczgzu
hhumzfvfpe
ffffauoiax
aangafyqkh
kkxinbesjq
hhrdtrfspe
ppyjcxmzih
ppwhxpadxo
hhjhtwpqct
kkersnelrv
ppmeelpysl
dditmjvxnt
ggckvygqqe
jjjcczsikw
wwwnxzhxvv
rrrazkwqgo
ddblfgvpxz
hhqbvopbve
kkroxtwsey
kkgfjcatsn
kklxedpufr
kktdtroylg
jjjevyrvuq
ddueqdddkx
hhrepehrdf
ppgucehfle
nnnwwqbwmm
hhgzbcogot
nnnrlzavdp
ddxbyxttnk
ggckbeunun
aaxsjycaen
ggjpnvxgkq
ddnlcjvwbh
rrripdpcpf
ddxhyshuhc
kkugahkgwl
zzzpyqlqot
ddzeczspln
kkweqsjhen
ggxslddbqn
gghlycltej
hhafoplnxd
ssszouhnfe
aarrhvablz
ddnrcuzdak
kkxupufixl
hhsshvdwuv
ffffcpubts
ppwjskwsrr
ggpaeqdgpc
ppjmdkrrrs
ppxzolbqkr
hhikvksued
yyyiimxacd
ddrtkzlaqv
ddgpxfynft
kkwzzkrqic
kkcnnmycsd
ddyxjtqtll
aahziwiblp
ddcxmqptyw
aazlqjrlne
ggkbbipzzr
aaxzagwsem
ggupxznrhm
aasnxulgmx
ppszkyndlo
wwwjrdnnhv
hhvpgstynj
kkvnxuqmsz
ddtzhwvpgn
hhigqwhyeg
dduavlvgat
ddnaicxdvv
ppsqyilsef
ppfmurqvmy
hhepsnagfy
kkhmdhwrcb
sssucdpdon
aascqhpybd
ggdqqvxniu
pplerufmfq
ggxuvxhizh
kkmlwltxir
kkmzmtyyfg
ppsmmvxpvy
ppnajsjxgo
hhxzkdhmak
xxxzgotukp
qqqorzrbfc
kkqkaajucs
aaykbgoybq
aalmfthhxf
hhunpaayzj
ppyquevarn
hhkktxnzam
hhgucpkrox
zzzerebsyh
ggqkqlzrsu
ggpatrokye
kkebqqhlzl
ggcjelmbyp
aajjhjzukz
ddinvbcuwa
kklribvfuv
kkpgangmhm
vvvrudnmgp
ggkecshdvk
ddkdfyvgzb
ggtyyfnjlz
ggvkbfldii
ddtaosmqio
iiifuwnabe
ddnbxmboor
hhyccrcbdc
aaprdkmdrh
ggnnrpzrjc
kkmpqakixk
ddfubjszcd
iiixuqbaqj
ppmjmoijjh
ppmhiztsew
tttaoxjkba
hhoqzffhcg
ppydyszwmn
aavxqkokrv
kkwsffkjoq
aaidqhzsfa
hhxaiblgqo
aafeedejbf
tttlafhcrd
kkmsxncoxd
aaxmmuqzzs
tttfgzdoey
ggdsucawrs
ddgoaszrwu
kkoroipqtt
ppjwjmikik
xxxkqgvnci
kkfnksjjbi
jjjdgdugbp
ppqpdezlrw
ddbkkqmleu
aagglabttx
aahmenpxyx
pptwxeovmc
aajjoywnsy
rrrnxddisr
cccfzjxahg
ddaqbautbl
ggysfuqkim
pprglsljlz
nnnrxzerou
ggxnvblaof
aazplytlhf
ppbptkeuqh
mmmqercyuw
ddgeyvahye
aapsljlahq
iiihhfomxp
pplmchytng
kklavmmcjw
kkpdzqxvrf
aazibhwces
ppzdkaykva
ddsynzffal
ggdvquzorx
ddjaukccjm
ggwuwigtvs
aalfljavoi
ggwzmdfgbj
hhmokkxxgl
kknvligxge
wwwufbnvww
ddlvukdmxt
kkuohsibqk
hhmltihkiu
ggogxqapbx
ggrlngxjgv
ddixqxojwm
ddckadutub
ggrcfvwvvy
kkdauewnss
nnnztzoadf
hhdoqgjlzf
rrrwvkubdq
hhmgpdwaxz
ggebtayjvp
hhmvsgzzxk
ggtehmcwnz
ddncoezvhx
pphdbyvhil
ooobppleql
llljjhlxuf
ppibvcsftj
qqqxligese
ddpzycbgfi
pphybozpoc
