3715
aiijmq
finnqw
bflptv
bjnoou
bkmptv
begkrs
bfgptv
dinnmt
adjoms
aggptq
bhmmsp
gklosu
bhmopw
bimopv
ddkqts
ajmorv
eiinmt
gkmpmt
ekkktt
afhnsu
bgglow
bdglrp
fjmopt
cfjqoq
giilnq
ailpsu
gjnpou
cfgjrs
hhlpnq
filpqv
agmppq
bknors
aemmmt
ejnpqw
cfmpmv
aflqpw
bfiknu
ddimtv
bjnprw
behqss
fkllnq
ejmoqr
gjnqtq
djlott
bfiqss
aeinpu
aggqrr
cgnosp
ekllmq
beimtr
dkkqqs
ffhpqv
cdkoqw
aiijtr
cglqmt
belqqv
begjtr
begpsw
cfhqow
aknnms
benott
aehkmw
ddhqqq
cknoow
eiilnr
bjmqrw
hinpqr
agmmsu
bdgqqv
cdmqqr
dimqmr
bhmomp
cggkpu
bejpru
afmqpq
aehprt
ejllpt
bdkqqu
fimpmq
bfnnsr
bflopq
hilltu
eeijpq
fiijpr
hhmmsw
hiipsp
biiktr
cjjqrv
ckmons
fimpms
giiqsr
afiqqr
eegltu
cfloov
cdloqw
bhhlqt
fklopu
gjjjqu
ginpqv
ffglop
bfioqw
cfhkqp
bfnoqs
ddgjou
chhoos
ddkotw
cdllmu
bgnpsr
ailltt
agnnrw
adikow
aejjsu
ffloop
eekktw
ajnntu
ddmpns
beglmr
biipru
eekptr
ffhlqt
hhnnsu
ckkknw
hhhkmv
gjlopr
eegoos
bfkkqv
bknosv
filqov
aegnps
bdiprt
cdjjms
aejpqr
ahhnmu
hkmpqt
ffiknu
aejomr
aiimtr
gkkkrt
adhprs
cimotv
biilru
cfhnnq
aimpsp
aekosq
cfkknr
hhnqsu
ffmqpr
fjmmts
adjomq
dillqr
einnpq
bknqov
adhmop
eehnnt
fkmmtv
chnqqs
hjjqqu
hiijtt
afhpss
aeijst
eknnpv
adhjrw
adimmt
biijrr
dilost
ckmopw
ffikmv
ajjppr
aelpts
afhmqt
ejmqpp
cdglot
bfijor
bejpos
bfgopt
fiikrv
eegprw
bfmprs
cejoqt
ffgkot
cdlpmq
bjjoov
dinppv
ahmppv
ffjpnt
ekkkqu
aehpqs
cgnntt
begltt
eegqqu
bgnpsw
bdgjsu
gklptp
bklqqs
ahnqrw
ddnqrr
cdiqrq
gjlqrr
adglps
aimont
bjnorv
eennrp
cfhqov
ffmpqv
bdhmrp
ekkorr
eiijrs
cdiosw
ajjoqr
chhmru
cdlqpr
aennss
hhhpmr
cfgktu
bkkpsw
fjmqqv
ffmptt
chnnpv
cdijmv
adjjpr
adgjou
bdgoqw
cfimrr
cggmor
ejjosu
aiimrq
bjlomw
fimqsv
afnqrq
bfhqts
gjmmqp
ejlotr
eemopp
cggqqs
cimqsq
fiinsq
bfimmv
bglpsv
hiiqsw
cfmorp
ddmprv
ajnosw
eiilps
adiqqs
ffmotu
cfiotw
biimou
ffmorv
eekpqv
bhlqms
agmmqt
admosp
cdkknq
fjnnmr
cdmoqu
cdmpnt
aehont
adkoov
aiiqnw
ffkopv
gkllor
ffjqms
aegmqt
ahmmot
djmotq
aekqsq
bfhmnw
ddmomr
behppw
fjjppv
afgkop
eenqrt
afhkrq
cgllsr
cgmqrv
filoms
fjllmr
ajmmqw
begjsq
bdlptt
ddhkou
ggmosv
ceimmt
cfinrv
aglpmu
agloow
djnnmr
aggkoq
hhlpnu
eklqoq
bhnoow
bdintq
bkkknr
fiikrs
hknptv
hjmotq
ffglsp
aellrw
bfjpst
bjlonw
dkkoop
ddjpsp
gjmprp
ahhmps
hhmmow
bfmmot
aimmru
aehlrp
cdjjnv
ffkonr
adjjpt
djnqov
ahhqrv
gkkknp
bjmmqs
cgmoqu
gggnnq
bfiqpr
ddgjpu
aejjsq
ainnpv
cfgoov
adhqqw
gjnqnp
cfgjsq
bhhltv
cglqtw
bhhqtt
cdhkmt
aflosu
bhhjov
ahmmrr
ffmosw
aehjow
ddkkru
bjjqtt
adgkrq
eegkow
bimqms
bejptv
hklpts
begjmq
afglmv
bhhomu
bdipmq
aegptv
hkkopu
eeiosq
cfnppw
ffnotu
bjnost
aggqqt
chhpnu
diijmr
cekkpw
behqmp
cfjqow
ahhqrq
ddlqtw
afkoot
ffhmnt
eeiltu
cflotq
ginprs
ddjjsq
bhnorv
bdhnsu
gjjonr
afmqmp
bdimrv
agloop
cjnnnw
cfllov
hjjoos
cdijmt
adikmu
ciiqrw
eeglsq
cggppu
ceioru
aiinrp
akkprp
hinnmr
fimotw
dkloov
cdgqqw
cekpmq
cklprt
adnqsq
bekqtw
cknosu
hhhlpp
ddionq
gglppv
cdmotv
cfllsp
afgntq
bejptr
bjjotr
diijor
eiilrr
dimmtp
ddllpv
beiqsu
cfjjmv
eilqou
ddjjqp
beinrs
bejjss
djmpnt
bdhjtv
djmprt
einopq
cfkpsu
beijnt
fiikpu
agnnrv
filopv
ffgqrs
ddmqmu
ffiktp
gilpmu
cknntp
cglprr
cfhjrw
hiippu
afilst
cehkpw
bdglmu
filqos
himqtr
ddllst
aiiott
djmosw
hiiktt
cejprq
aeiqmv
cggjqs
bfijrp
cgmpss
ejjjpw
giipst
ddgqqu
hkmpru
afgpqp
dinptt
bfhooq
cehorp
hjnonw
ahlpou
dilosp
afjqmq
cdllnq
eehqtt
dilqop
fjlorq
afmmmq
gillpw
bdilpr
cdkqns
cfioss
aehmop
ceiprw
cdnptt
akkotu
eemorq
eillrs
ahnpmu
chmppw
bjjoow
cdhjrv
ffjopt
bhmoqr
hkmmmv
hjjjot
hiikmu
fjlpsq
bjnnnv
benoor
bfkpsq
bdgjss
binnsw
ajllsw
afmmmu
hiiqow
fiikpq
bkkkou
afikpv
cdhnpq
giinnu
djjjps
adgkns
eehjpr
adjotw
ddkkmu
eiiksp
hilqqt
hiimqw
begkqw
cfmqrw
ejjjrw
cemqsp
bklqsq
bdnppq
dkllmr
giilpr
cgmmpt
beimrw
cfjjrt
cgmmnp
hhhkpr
afhkqv
bfgqnp
cekqpp
aknqot
cjlotq
cdgjmq
bflotv
ahnoow
bknppr
aemqrw
diiqru
adhksw
cklqrv
cdhmpq
bfinpt
bhhqru
cgnpmw
bdlppu
ejmqnt
dkkkru
bhhlsq
eenntv
ddijrq
cfjjnt
ddhjqu
cemqps
ckmmtr
bdgoss
fjlpsv
cegnns
gjnnnw
ceijos
aejqts
aknopp
ddjjov
cfionw
ekkonw
bfgott
cfhknu
bgmqss
hiimot
bdinqw
fkllmv
hkmopq
finntw
eknpsq
ddgpor
cfkosv
ekkqqu
chhjts
cjmptw
bfkkos
aelprp
ceiknu
bdnnsr
dknqmw
ejllrp
cdimmv
himprr
ddimmp
djjqnu
fimmsv
hhhjpr
djjjov
fkmprs
cfgosv
bfiqtu
ahlqrs
fjnqtr
aenppq
fkmmpv
bhhnrs
eejonp
himonv
hiiots
ajnpsp
cdjpnv
eiikmt
fkkqsw
fkkoss
bekknp
ciimsp
bhnprv
gjnnrq
adhkpv
biloru
eenpts
bdmpmt
biimss
bfgkpr
cejjrp
dimpqs
bdijst
ddiomp
hhllsu
cdgpts
ekloos
eknptp
bfnprv
fjjort
bggnou
dkkknw
gknosu
gkloss
fjjopp
hhhlsq
bfnpst
ejmqrw
bgmorq
djllts
cdhnrs
bdhorw
cehpsw
ceimsw
cfgptq
chlonp
cdnntp
ejnqnq
hjmmmw
ddnont
bknoru
ffijtw
chhnqv
aegmrs
eilqmw
afijsv
bfnnst
hilqrr
ceglot
ejnoqs
bfgkpu
bimost
cdmmqs
chhjru
cfglqq
ajnptr
fklomt
dinprq
eellmp
giijsu
bdjjpt
bgglou
aggkst
akkomr
gkmptw
ainqqt
akkkqr
afkpnr
hknorw
cellow
chhkmp
ekkkqq
ciimmt
aekost
cjjjtv
bggjmw
dknoqt
cklost
cekqnv
cekptq
adkosu
bdionw
behkoq
bfhosr
bdhptr
cenosv
ajlqpr
adhpsv
aegopu
chmqnq
ahlqtw
aelotr
aklqqw
fiiopw
gjjpsr
akkonv
cekqsq
ciilnv
begksw
benpss
aggkrr
cjmorw
bdllqw
bimomr
aglpqp
dinnsr
bjnpqq
ddgnmq
fknpns
eeiqqt
dklorr
afglqp
eknnpq
ejnptr
bemqpt
ginpmt
ailopw
ffnqqp
bfgqtq
biimpp
aeiost
diiqpp
eehmtr
hiiqop
cfnopt
djnnmp
einpsv
adgosw
ciipqv
afllqp
hkmpop
cimmsp
aggntp
bfjopp
hhmppt
fflqsq
bfikoq
fkkpsv
cknppw
begmqw
afnpsu
djmmtv
bfnntr
cdkptv
ddiltt
bdmorr
gimqtq
behlrr
cgnpst
afhnqt
djlosr
aegprv
behnsv
adnptt
ffhmoq
eklptw
bfiptq
bgmorw
afjonw
hkmmsv
afhqov
ekllor
dilorq
bfmmoq
hknqmv
aggkps
eehktp
ahnqmv
hinnqq
cgllov
bggqtt
agglqw
cinqrq
cgmptp
cjmppr
bkmpmq
ddkkmp
hhmmsv
bhhmqv
bhlotw
ekllqu
fjlppw
aeintu
eegqrp
cdkppw
chllnw
cflqpv
gggqrq
bfilnq
bdjpsr
ekmqrt
cfgltv
afhjrp
cekpnt
dilltt
ajmqru
ffllrp
bfkpmv
hkmpmu
hjmoqt
hinnss
bemppr
djmptt
bklltu
adlpoq
cennrv
cflqtu
hhhjow
aejprw
bdiptq
cdlqsv
ahhqst
cfiqtw
cillnp
chlpnp
bdinmt
ailqsr
bimqpu
beiqou
afhqnv
diimrw
ddgmow
ffhoqu
chhqtq
cfgjts
djmoou
ajmoot
cjlqms
biints
bggott
gjjopv
dknnqu
ceilsv
eknoqp
behjqr
afhpos
fjnpsv
afgomq
gkmmmq
bgmpqt
ddhkos
hjnonp
chnqtt
ekmqrq
aiiqot
bekkmq
cggptp
ddmqps
behmtv
bhmprp
aehjpr
aelqtt
aflqpr
cfilru
bilosv
bhhjou
beglou
cfilqu
adhjmp
chlqrw
bdgppt
eekqqr
beijst
dknptq
cdgnop
billps
aekqtq
ddgqrp
adhnnw
bfnnmq
cehmqv
cekksr
cegktu
bdgkss
eknprt
eiloqw
hkkqrq
ddgpqu
ggmqsr
begjow
ddhnmt
eehkmv
bdinrs
bejpst
ddnonq
hkkkmp
ddjjtq
afnnsu
cdikoq
aehnqw
ejlqmv
aeippp
cdiqqu
cdgnmq
eiikmp
aelpmw
benqsp
bemptp
ddgmop
cggqrs
dinott
bhlqpp
ceiltt
dkmqqt
bdipsv
cdglqq
eeilrs
cimmms
gilopt
gkkqtw
ahhqmt
ejnotw
ahnpmt
dilqnp
adilrr
filpqq
hinonr
bdgnnt
ahnnmv
fiijtv
ffiooq
adhomp
afmorq
afmmtt
fjnort
gkmqrw
adhmsw
cdilqq
cfjqsu
ciiltq
hhnnsr
aiinsr
aggpns
adhlsq
fjnprt
cfglsq
ahnpsv
cdkqnr
dkmmnr
cgmpru
cellmv
fimmpw
ffhlqr
eeiknw
beikqw
aeiqns
eeglqs
chmmnp
diiktw
agglor
bfnqqv
bfnnov
bfmmru
akmpsu
bekqpr
aekopv
diiotp
eegpns
ddmqoq
hklosv
bjlpps
cfgpts
ahhpsu
cilpts
ffmqsq
cfinpw
cgmort
ekkoqr
aegqtq
dinomw
bhmptv
eklltt
hhmmsr
bglqtp
chhqnp
eegost
ahhppr
aekptv
cdinnv
ekloor
eklltp
ddmqsv
fkkonr
cdhomr
hkllnv
djnost
ffhpmv
fimpmu
fiintu
afhktp
bggoss
hjjoor
eeikrr
aimmtp
ffhjpp
celoos
chmoop
cimqtp
gklqts
agnnsp
bjmmrt
cflprq
gglqqw
begjor
afnotp
bggjqw
eegkpu
ckmqrt
ddinrw
cdijtt
bemmov
hhnorp
eegkmq
hjnpnp
giijpt
dknqpt
bgllms
bfnqqq
finqpq
ddijsp
bfnqqu
beijqv
bfllst
ffmpqt
begjrs
aeinpw
fklomv
ddgosv
bknqsv
bgnnrr
gknnmr
aeglsv
hiijms
adkpru
begptu
djmqmr
eehmmu
fjmotu
bfkkqq
cfhqtp
eelltv
ekkqsp
ainorp
hkkkms
hhlpmr
ffjpms
eegktr
hkmmtq
bfkkru
afhmnq
ddkknv
chhkpt
aggqor
eiipow
bfhqsq
afjjqt
cdnqos
benpsr
binppv
ffhkov
celqsp
bdgqqp
bdhmpp
diikts
gjlltu
eegqtu
cdipqv
bdijtq
eiioqs
hknonp
afinsq
cekpmr
ddhmtp
ginorq
cfgjrt
hjmpps
ffmmtv
ddgpmw
gklpmt
gkkooq
beinqp
fiilmu
bekktt
belppw
cdlpqv
aeimrs
bfkoor
fjjjot
bknqrs
ddgnpw
himoqs
hhhlrw
cfhjor
aeloqu
cdiotv
bdhosv
ahhprt
ffhjqq
gjjppv
fkmqqq
filqrs
fjloqw
beijsw
aekksp
filoqr
bfmqqq
hklosp
bgllsq
ejmmnv
hkloqp
cdllpu
adkpsq
cdjosw
agmqtt
beioos
cggltq
bdgjrv
cgmqpu
ddgknt
fjlorp
bemmos
bkmqpt
fkmots
cggmot
ekkpsq
cdhors
bjmqst
bgmpmr
gjlltr
hjjoow
ahlqtt
adikot
adgntq
bgmmss
bejoos
hinqst
aklors
ddikoq
bjnoop
afkqqr
hiipsw
ffjqns
gknoqt
ffhlru
ainppu
ggnqnt
cehnnu
ahlpnv
hknnns
ejllpv
cdmmos
fflqru
afhmsp
gillst
aegjov
bfgjst
cdmqsp
gjnqnw
afimtv
bgmotp
aklqsr
aellnq
fjjjtq
dknoqv
akkqqu
giiprv
ddlpsr
beiksv
bfmmss
ajjqpt
binnrq
aeionv
bkllnq
ahmorw
ddippp
cdhprp
bkmqov
hilonw
ffgnst
fjlqtv
bfjjmp
hhmmqr
bfmmnw
gimonv
aiinow
aelomv
eklosp
bdipmu
cjllqp
eeiorw
beimmr
chhqsr
diilsp
fiimqu
ffkorq
ciiqpp
bfhqqu
cdkopr
fkllpq
cglqsv
bdjjtq
eejjmp
cdijpv
diijtr
gjlpsr
aekorr
begmrw
aggmps
cdmqqt
cdjonr
bdhlpq
aekotw
cfinpt
bhmqtt
ekmorv
aekopw
ffnotr
cdgost
cklprq
djnqsv
fiimpu
adllmv
cimort
cfinsw
beiqmp
cehjnv
hjlqrs
agmopp
bdiprq
afijns
dkkpnq
hjjjnv
bflost
himqot
bjmopp
hjlqqw
afilnt
gknpps
cdgnrs
aellnu
ddiorr
begqnq
adhkrw
bemmpu
akmonp
adkprs
eilpqu
adjjpq
fiijnt
hhlpmq
cdhkmu
cfinmw
cdgqsq
bfmqqs
eklqmw
ffilmw
fiikmu
ejnnnu
afnnrt
bdiqrt
cknotr
afikpu
hhhqor
eiinrq
eeipst
bilopr
ggmqqr
chhosp
bdmmow
ejjomt
agglns
hiimqt
gimmmq
aejjqq
adgqsq
ejlqos
bjnprp
hinpmq
bfhjqp
aggkrw
fjjopq
biiqss
cdgmss
hhlprr
hhhjor
beilmt
bhhmnt
afhjns
cfkkns
diijop
cfkkqw
bkmqnt
begnqq
gggosq
aehlot
behlsv
cfgprr
aglqtr
bfhnnw
ddloou
cjmmow
ffijqw
adinqs
bklppt
adiqqu
ainnsw
eegqss
hkloms
cjnntr
cfjptr
ejnomv
ddgomv
aimqnt
aillop
cfnons
eimmsw
afhqsv
eiinqr
cknpsq
bdkkrv
cgmptv
afmqpr
bdgkrr
aglqsr
adijqq
chhknv
bimmsr
chnnsq
fimmqp
ddnpss
gggltt
afiptu
ekllmu
biiqmt
fimoop
ajlqnp
cknqrt
afiorp
ddjjtw
fillmr
bjllop
ffhpsw
biiomu
bdgjtv
fillqu
cfnqts
bgmonv
behmmq
bfhjmt
afgqqw
bimmtt
hhnonp
afgqru
bkmprv
chlqrs
bfjqov
aehlqv
bjjpps
ffgktw
cdhmqt
fjjppp
ejjpss
ffgpmp
ahlqsw
gjlqru
cklptr
bkmprr
hklomv
bdiosw
eegmts
bjmmsq
cimmmq
bhnntt
dilpop
ahmqms
cggntw
cfkptr
bflomp
agnprw
dkkksp
ahhlmv
binnmw
bdnott
fjjjss
djnnpt
aempmr
cflosw
eimoop
bdhjos
eiiprt
hkllsq
gimmmu
cfgmtu
ceiqmw
eehlru
hhnpsu
cfkkss
ajnosu
bfmorw
dklppw
ejnnrs
adnqrs
cflosv
gknosq
cilpmq
bhnqsu
djlqsw
ckllrt
cegqtt
bjjqtu
aekpsu
aillmp
ffhlmt
ciions
bhloou
cennqu
hkmqqp
cdllsv
afhnov
aekppq
cjlpqs
cjjppr
gglppr
fjnnou
hjnorv
cehkrs
ahnqsv
diilrv
afilts
cegjos
dkmpsw
aeiorr
cglqrq
giiqnu
hjlpoq
hhhknu
eehjpv
bhnpru
djjppq
beikrp
begmru
chlopu
filonp
bfgoqv
ddkkss
hjmprr
bhmqsr
chhlrs
aeglow
fjjopw
ejlqrq
fjlort
hilors
hiipru
bdgomt
ddgopw
ekmqos
bdmqpv
fknpst
hkmoqt
bjllpp
aiinmu
giikps
bdhjnu
bejqsv
cgmmou
aejjts
ggglnv
hhhkos
cjlqru
biimtq
gglptv
cggmou
ceipqw
ddgjtv
cfhmrp
bfiltr
admqqs
dimqst
fknqtr
aenpts
ceipms
eknppt
ffhjot
gkkorp
cdllst
adikop
hhnqtr
chhost
cgglop
ahmonv
bfioqv
bjjjst
hhhpru
ajllsp
eenotr
giimsp
djjpst
aeglmw
aeijpr
ckkkss
bfinqq
bfimsu
hhhmpu
fklqrw
hhnost
fjllnt
eeilns
ffiltt
cflprw
bdgqrq
aeiqrp
adnnms
bdhppu
ejjqsr
aejpqv
belops
eiikpw
cflqmw
cekksq
cfhont
bfmomr
cdgptr
bfgqru
adhkms
afhqtu
agmmqw
cfgqtp
cglqrs
cdjpqq
aehopv
ddllqp
bjlqss
ffhpsq
bdgjru
aejpmp
aeintv
cegpsv
eegnsw
fklppw
aiinop
himotq
giijss
bfkpns
cfiomr
fjjqrp
giiomr
afgjrp
hkmomr
hiilqs
akmqrt
bfjqpu
ceglqq
chhotq
cfloot
eekooq
afgnpq
ddllnu
fkkkts
bjlpsq
djlqqv
giiopw
cfkkrw
fkmmrr
behqmr
cgnqor
hiiotw
bfipqu
aggjsw
fkmmns
dinqtv
ginqps
afijnv
ffgjqs
agglsw
eknpsv
cfmoov
bfnnqq
gilqtu
begltp
cfjppw
cfhmrv
gimppp
aekomt
beikmv
ffhpnr
bdjqnr
aiiksv
ejlpou
ffhkrt
ffhpqw
afnqnw
ciijoq
ciinnu
akkppr
ajjqns
ckkoqw
eiiknw
akmmmt
aekonp
cknqov
bfkkoq
ciipnv
hhmqps
chmpps
bfjppq
fkkqtv
ejmotw
ckkkrv
aemotw
hinoqq
afkkmq
ffgpnv
eeikqv
gggqqt
bjlqtp
adnpsw
fkmqqu
cilqnw
ggnqnw
aiikrr
belotw
ddinsv
cdnnpu
fklonw
bfhlmq
ajjoqv
einpor
bfmomp
ffjomt
afilmp
cjllts
afjort
bfgmtt
eejosu
cdnoov
cfhlns
cehpqr
ceilmw
cehpmr
aeikpu
afnqos
eekqtt
ddglpv
fjnnqq
bejqmw
cilont
gilpsw
cenpqv
begjrq
aenpru
ffkktu
hiijts
bjlqmu
bggnmt
cegjpv
fiilou
afgjoq
bejqrv
gillrr
bgmmst
ddhnmv
ggnnst
fiimqt
afkpmp
bknnmw
ggnnqp
bdhkms
cfionr
adloos
bhmqov
aeiltp
bhlltp
bfmqqw
ggnpov
cehkps
gjmmqr
chhqrt
bfnqrr
ginntw
cgglss
giiprw
bfnnmt
ddnnrw
afglsw
filqow
hhlorw
bdkosu
aglosr
eejjnt
ffgltq
cemotu
giioqr
chllpt
gggltw
dkllsw
fimoow
hiimts
cfhjpq
eemmmv
bfmmtp
fkkotv
ekkqtr
cdhjsv
aiippr
ahlpqr
gknons
himqsu
bfkkov
ddmosp
adioor
bjjjot
begpop
diinrp
behoou
fkloqq
hklqqw
djmmnp
cdkorr
bdjqot
benqoq
cekknt
ddhksp
adgnqu
agglrq
bgmqmt
ddllsw
ddgjsq
adnqou
bgmqrv
fknnoq
djlpts
cdnpqq
fiiktw
bhlqss
aknpqt
dkmmrp
beglsw
fimqsr
cdkprs
eklpop
bimosu
cemqtq
adhorq
dkmmqq
bgllts
cfijnu
biilpq
bhhlos
giijns
cfkktw
afmmms
cdhotq
afiltq
ffglqt
eehpov
bgmonr
fkkqts
gkmorq
hhlosp
biijrs
begjsp
hhmoqt
ajjjop
adintt
bdkkmv
cfjqrs
eejonu
bekqmp
aklqrq
dklqsq
cklqpr
gjmmnu
fjnppr
begpmv
hknopp
eegpmq
fknotp
cinotu
bklotv
adnqos
afmpov
cdiltv
agnosq
ffhqrr
eiijpp
chnqqt
gkllnu
cehopr
afhqrq
binopv
gjnopq
bilprp
cdlptv
aegjqu
bhnqot
gjlqrs
hiinmr
bejqop
ffgltv
bdhqtq
eiloqt
bdnors
aekktt
aimpor
aehqmu
ddjpst
eknnow
ffgops
hhnnnr
eekpop
cimpsu
ekmoot
eegjqw
biipqp
eimqsr
chnqts
gggmtp
cenpnr
eehlos
dilpou
bdjopv
aillov
cgmmnw
cfhktt
cjjppq
eellsu
hkllmv
hhhpor
afgloq
fkkqst
bfhkop
gkloow
cilpot
afglrw
cknnrr
ggllpu
cfkost
biiltv
cdhptr
aehlrw
hkkqos
ekkpou
fknqru
cfllrt
dillru
gklpst
ahhnst
akkkou
behlms
cknqnp
chnnsr
billsr
fkkpsw
gjjqqw
cgglrr
aglqpu
djjooq
bdjqss
fiimtp
chlltw
eejomv
bimqst
cdjopw
hjnntq
ddijop
cfhltv
dkmqqs
bfiqpq
cjjqtw
aegnmr
bknptw
gggmtu
ffgjqt
cggjmt
bemmtp
eegnpv
eknomw
ddkknu
cimpsq
gjjjmt
cdgoos
bhhjms
chhptt
ggglou
bdhptw
ffloss
ddgltp
cennot
eknomt
bggmov
fjmmrq
benpnv
bglqqw
fiilsv
aehkrv
eegjos
bfhprp
binomv
cdloqr
bhnoos
aflpss
behjrs
finonw
adnppw
eehltw
afllru
aggjov
gjlppw
ahhltu
eehqrp
ejnqrt
gknotp
eimqmv
adhkor
ahnnpp
cdmonv
chnpmq
agnomp
eklqst
ddikrs
cegnrt
adhjmr
gkkqnr
ddmorv
bekoow
adglsp
cemooq
ffhmnv
eimoss
aempsw
gilosp
ffhmqw
cjnnnt
hhmqms
adipnu
bfhktr
fiinnp
bdiqsr
adijrp
ekllqt
cgmqps
ahhoos
fknnmu
bjnqrt
aggpnp
cehlpr
cglorw
ffgopw
bjmqqq
bennqv
bfijrw
giinru
ajmotr
afiknt
hhhprs
cdjort
aekqtw
ffmotv
eegjnv
biinpu
ffllts
giiopp
eegjqt
hinprp
ciiosu
cdhpqp
aegknt
bggnqw
belopq
ffikpr
bhlprt
giinnr
aennos
cejqqu
cinqtp
eilpmt
ejmoms
dklotu
eilqsu
cegmqu
aklotp
ddiqow
cegjss
bkmmmv
bfgmps
behknp
begpmq
bggpmw
bdmmop
bekqpw
ahhptu
cdllmt
chhqsw
cfjqmu
ekmqmu
bfgjss
adhqtq
belpsp
ffgjor
cilots
gkllnw
behoop
djlpnu
bkllor
finqnp
bfhoow
ggnprp
cggktq
ffjqrr
cekpot
ciiomr
cdhpss
cegkps
eemmsv
aimpqw
bjllsv
ffhjrq
cdiqqr
ddgjnw
adijqv
ddiqnu
bdilmu
eeippv
gjmqrt
gilqts
eennsp
fiiltw
hknptu
bkkpop
fkkoqp
chnotv
ckmpqp
hkloqv
ggllpp
gklqqp
afippr
adkpqr
djlpru
ffhkqt
cilqrv
eeglnv
bfhntu
eelptp
bhllqq
bfgnpt
afmprq
bfijqq
bfhprs
aejorr
gkkkst
ailons
eeippr
beippq
hilorq
cemmpw
hinqnw
bjjjnu
ddkqqt
hilprv
binqpv
cinoqr
ddjqts
eknqmq
ejllmw
eknops
bhhkqs
djjqtv
beilsq
ggnpow
fiippq
ddiqor
ddgnmv
bdiksr
ejjjnq
akkkmp
chhmsq
ffints
adhmns
ffioot
cdlpmw
ddhpnr
cdhpqq
ffllsr
gkkkpt
cdioot
afjqmu
bkmosv
ffnopv
hilppu
aejpor
bdimtu
aehkmt
hiinsv
aknptt
begjpv
dklpps
cjmqtr
cinpru
eiinqu
bhmpps
hhhqrq
ceiopv
bggqqw
gjlotr
cfhjru
ffgqnw
aiiktt
cinnqu
aflqst
adgnrv
bdmoow
cgnprp
diipsu
afilmq
ffhnmq
aimqns
cfipst
aennmu
chhjou
ckkppq
aiinpt
ggnnru
ffgmmr
ejlqmu
gglpsq
bdnppw
ddhjqq
bdhooq
cjmosw
adgqpq
bfkoot
ciipst
gknotr
eeijpu
ajllrv
gkmqoq
chhort
hhhjpu
chhlts
adilnp
cdhoqp
akkqtp
gkkotu
bdgmmq
ggllns
himpqt
cjnotu
adglpq
fjmomt
eehkrs
cfgjou
dkmqrs
afnpmw
cfhptp
fiimnq
gjnnnt
aiiqor
aehoru
cehnrq
cinptv
fkllqq
dknppw
adgmop
ainpsw
dkmomw
cglqtu
bglltv
aegkrp
hjlpmr
ckmqrs
cfkqtt
hjnpow
eeimmt
bfgkmq
ckmptt
aenotv
aeikop
cimoou
begotu
bfhosp
cdgkrr
dkmptq
cggnnu
ffkksp
gjllnr
cempnv
bfhkqu
cehmpw
hhmqmq
afiomp
akmprq
adipop
behlnt
eegmsq
dkmopq
ffhopv
cfmoss
ciintr
aflqou
aehprp
cfinqu
gglqtv
gimqqt
biipst
diiosv
ajnqqu
adllmp
adkpqw
ahhjou
ddkppu
ffnptu
bfhmts
ffnpnw
aknpmu
ejmmnu
cdkppq
cknqps
ffiomr
ekllsu
cenosq
bejjot
ddgqtw
fiiosq
cegosv
djlorw
afiktv
cdipns
afints
adhmnp
bdkonw
cegoqu
ahhmqp
cehopt
hhhjqt
fjlqtp
bdgpsr
aeimrv
bjmppp
cemqpu
hjlptu
fknqpv
ejnpms
ckkkmp
gilomr
agnnrt
eeijov
bejjrv
hiiotu
hhhqps
bekprv
afjpnp
bhhjtv
bgnnnv
ciiott
ahnnsu
ekmprp
cjmosr
cimoos
agmqqu
biiosr
cfkksv
bdlprs
begmsu
hkkppv
ceiomq
fjjjtp
diipts
ddiqnv
djnosw
gknqtt
cfhppp
eiiqot
chlprs
afnqrr
aekoqs
hkkqpu
gjjjpq
beikqq
aemqst
giilpw
eehptv
afmprt
eknotp
aeikqu
ggloow
hklonw
ekmmtu
hknqmr
afijqv
ahhqms
cfmotw
ahhjps
bdgjqv
ffglpq
cfhlqw
cdgmou
ffjqsv
aklppq
ejlpmw
bflltv
bjlotw
cegprq
bjnqqu
ffhkqu
hkkoqu
cgglos
fkmmov
ahhmts
bdhnru
hillsr
akmqou
cfkosq
ejlpmv
afhosv
ddhopq
chmmqp
gkkorw
cfhnrq
aillrv
gjmmst
hknosr
cfkotv
ffmmss
afgntr
adjqqq
afhqts
afmoru
cfjonr
cillpv
ejmomv
afgpot
dinnpp
ffhoss
finppt
eehpnq
cjjjos
afikmv
dklpru
afhjqv
hhhpsp
bfjqrs
eegknv
eekptq
adkkss
cdlotw
fkkqqp
hiijtr
eehooq
hjnpov
bhnppr
aknqtr
cegksv
adnnrw
cdmprs
ciikrq
adnnrt
aflpqt
adkqqs
akmqsr
bjlqrs
dknnpp
hillrt
akmqnq
aiimts
ffjjmp
ddnnrq
ggglmt
biinrr
bennmu
bejqtt
begpms
ddnptp
aekqqq
cdhnsv
akmqtr
cdgpot
fimmnu
aeijtu
cinqqp
dinopu
admppt
afioqq
cgmott
bfimmr
cilltu
fkkppq
bdnprt
cinpqw
ggnooq
bklprv
bfgorr
diipov
bhlltu
cekpoq
cfgkrt
hinntt
bhhomp
aejpqs
gknqtp
cfiltr
gjmprv
bkllts
hhhkou
aehmou
bfkpmu
agllsp
beglnu
fkmppr
gjnqnt
cfkorw
bjllnv
ekkpsw
cfnops
ejnpot
eehotq
ffhjru
bhlqrp
bdnqqv
fjmppt
cfnntv
gknnsq
bekppv
bdiqpv
bennmt
ekmmqq
ejmpnv
agnnou
bdgkns
cinonr
cinqsu
diioos
ffjpnw
bhhloq
hiimns
cfmmtw
cjlqpt
hhhmpt
bklots
bhhjpp
fiinnt
ffgnrw
bdhlrv
eelpms
afkpnt
beijtp
aegmot
bhnqmv
ffhkqw
hjlonq
bggntw
aehqsq
aflopq
aejqrq
bfkoou
hjjprt
eegotp
bimmpw
bfhjtw
fflpst
bfkprp
ggnprv
gknqrq
fjmqrs
bdhpsu
bjnqsv
cdhjns
ahllqr
bimppt
ciiosv
adhlru
fjnptr
bjmmor
cdnqov
ddhonp
cjjpss
bfnpnt
chhpov
bdnpsv
aehltu
adnprs
gilpru
ahllss
hjmqov
bggpss
hiijmq
cjlqrp
diinqt
begnqv
hknpru
eemmmt
cgnntp
aekqsv
ckkomr
fiilsr
hklloq
giijqw
einonv
cklqsw
ffmmmp
fkmotp
beijnr
ahllrt
hjnost
fflqqp
diiqou
bhmpsv
eelotq
ekkpsr
hkllqu
bfjqtt
aeilmt
bfjosv
ddnppv
diiooq
dknprw
gkmqow
filltr
eknqrr
afiqsv
ffhkpq
cdkkov
bdkpmq
djlpmt
cdhkos
afmoos
giinsp
agnpps
ffkkmt
adlqss
aeiqtu
ddintu
cdmmtp
bhhnnv
ejmqpt
bhhmqr
ddmomq
bklorv
giiksw
afiqqv
belqru
ejlqnt
giijot
afhomp
fjmpst
cfiptp
hhlqqr
ejmmsp
bdgprr
admopr
beiqnr
dinoqs
eenntq
aegnsw
hiijos
ahlpmp
begkqq
afnprq
cklppv
fimmru
adhmrs
celotw
ffhnpu
aejpms
chhmtw
cenqsu
fjnqrq
eknqsp
cdgjnr
diilpw
giiqrw
bhnnpr
adlorq
bfhptu
eekkrr
einpts
cgloov
fjjons
cenqop
dkmotu
ddlpns
bggomt
bfmppu
dknorq
djloqv
gjllpr
ajnqqp
bkllpt
aknoss
gilpsu
cfjprs
bhhops
bgloow
bdglmv
ffilow
ggnnrw
benqmw
ejnnrt
dkkksr
gjmqpt
aehoqw
bknomu
belqqp
bejjmt
cfkosp
ajnopq
bjjqrw
adlors
bdiqsp
ddnotu
cfgnqp
eelqsq
fjjjop
adgmrv
agnqts
ckkpps
bhlpor
aehoqq
ffmoms
adgopw
ffjjrs
cfikqt
binnrp
biikqq
bdgoqt
ahnprp
ahhnps
cdhmpu
ddhlnw
eejqqv
gkkqnu
cdilts
eimpru
hhnqqs
afgost
aehlmt
ainqtt
gimpts
bflops
bdiosv
eknpsr
eehnnv
bggjtp
giijnw
djnpmp
adlprt
aglltw
cfhknt
eejpow
hiilqt
chmqtp
cfijrs
adhqtw
bdiopw
cdhosv
ffgpqp
himpnv
ajnprr
bdhqor
cfnoss
aggqrs
ddkkoq
hjmptv
ajnpnp
agmomr
fklqqw
bggonv
cfiqpq
bdjors
hhhqmw
aenqrs
fiiort
ejjptw
bdjqtw
finppw
bekkmv
dkmqsv
cehqpw
bhhjoq
cjmoov
bellmw
aelopt
biimrs
bfinsr
bggpsp
begkns
ddikpu
adhnrr
ddnosq
cdhknt
eegqts
adgksu
cggqqu
ddhjnq
ekkpmq
hiikru
dilqps
beijmt
beimrp
cehqrq
bhnnqs
bknnow
hhloqs
giiqtu
aejqqp
adhotq
gjmppv
aeilru
bfgknu
aenotu
fiilmp
ddjqqr
afhktr
dimmmv
aiintv
hillov
agmqrt
bgmqpq
fiijor
cejpsw
hjlopt
cinoqu
bemqpv
ddgptq
adnnot
hiimpw
bdkpmu
ceinrt
aknqss
eiimtp
diiqov
ggglrq
adhmss
afiqru
cklooq
cdijmp
ciipou
eemqmr
cdnqst
eenqtp
cenqos
cimmtv
bdinpp
aeipsp
ajnnnu
afglrp
aellow
eenqsr
ggnoot
beloms
ajjjsw
hhmopr
ggnntw
aeinqw
cdilnq
ddiomv
eemons
gggppr
ejjjrt
hkkqss
bkmons
hkkppr
himmmw
cfkkpp
cfjqpw
cdkont
giipmu
hhllmw
adjppq
gklosw
hkmpts
celppp
filpnt
eehmtu
bhlqmr
cekqpv
cegmts
bdlott
cdhpmu
diimmq
afllou
ddinsw
hinnmw
hjmqsw
ddlltu
cdgmtw
aknorq
hjloms
bjlpru
ddhltv
bfhjpp
bfijop
adkkpw
adiltw
eegjtt
hjmqts
aegnms
ahmqmq
hiloqr
ddilow
giiltv
gggmsv
aeinms
fimmsw
fimpqr
aenprr
ajmotp
celqms
ddhnms
bdlqow
fkkoqr
aknotp
cjjorq
hkllrw
cdhpsv
hhhnrw
cfhqnt
adgjpp
begqst
aggkop
cdkpts
bemorv
benotu
hhhnop
beikop
einnos
adgjtw
aehpsq
bhhpoq
binqnt
bflotr
diiqnu
aggnor
cjmott
dkkkrq
behqst
cgnoos
aknqps
dimpoq
cilpnr
aflonr
cilqtr
bdgmss
giinnt
ffjotq
cimqot
ejjjts
gknntr
ceglsp
bhloov
hjjjsv
bfhlrs
ddmmmr
aehorv
hinpss
ddgqqs
bellqs
gklprt
gjjosq
ggloot
fillov
bfhnrq
chhjmr
chhnrt
ddmmrs
ailosp
bknotq
ejnoss
fklopw
ginoos
ejlloq
bejpor
bdgkmp
hiikpv
aeilrr
bdhjrq
biiprs
aeinsv
gggotv
bhllrw
ddhmtr
hklppq
ahhkru
aelqqu
ckmpmr
hjmqss
djlpsp
adlqnv
dkkkns
eemmtt
cfllmr
gggloq
aenntq
ddiktp
cgmomt
cfkppp
ciipmw
ckkqqv
djnnqv
ddkptr
cdiksq
eelpsr
bfgkmv
cjlorv
hjjpps
cfgnmr
gklpou
cemmtu
cdlqtq
bjnqtq
aiinsq
eimmms
cfiqmv
ejnort
hklopw
adijtq
aklqqv
cfgppu
ffhlov
bglqrq
fjmosu
afjpqv
aggjru
afhltp
bfjons
dkmpps
aggmou
bknoqw
bfhjrw
adhpps
agmmqq
cdjprq
cjjjmt
ggmosp
bdgjmt
hiinsr
beglqr
ddlqqq
diimsr
bhhqnu
cflppu
ddhnmw
cinpor
eempmw
fjmotw
ffllou
ajmpmw
eehqsp
cfhjpr
cfimms
ffllmp
chnpov
aekprp
fjnntp
hinqot
hhllmt
ffkomv
cilqsr
fiikps
giikou
cdhjpw
ffllnq
ajmmsq
ffipss
aiiktu
ahhlow
dimotu
eknqtp
cgmmtq
ggmmtr
ddiqmt
ddhkmu
bggopt
fflotv
einnrt
behlpv
aemqtt
fiijnp
cggosv
bfgnmq
bgnqqw
bkmmrw
gjllmw
ceimru
ejlorp
eiipqw
afnnnu
hillrp
cdgpsw
ddmpnu
fiilqv
akkorw
ckmmps
bilqst
bfgkop
aknqsq
ffiqtw
ffhpmu
aeinpt
eekkqs
aejqqs
cfmmmt
eeioov
aeikpv
gkmott
cjnqqu
adhjrr
bhhpmw
adllor
aimmnv
bkkpss
ejllqp
ffhlmr
bfkpms
fknnpt
aiiotu
afgjpu
aenons
djnnoq
bdkors
bglpmu
ekkkpq
cegknw
ceijqu
ddjjpu
cdjqqw
aeimmw
ciiqnu
bggpsw
himmtq
aflqnt
chnoot
ddnops
chmqtu
ggnqsu
djmpss
gjjpru
akloos
afgnot
bdjosu
filpmt
behqmu
ejjqms
eiimpw
bdnqqq
bggmps
cdhmnp
bdhlst
ekmosv
eegktw
ceikrp
cfjjrq
aknnmp
aeilnp
ainoov
ahhjsq
aehlrs
ceiqmq
djloru
ekkopv
aillqw
ajlqnv
cflqow
ahhlsw
afglqu
ddllsq
belpsu
bgnoos
ddjopu
afippp
finosu
cjmqtq
cfiktp
beikns
behltw
fkkkot
ddjpmv
fjmmos
bdmptr
adhort
afkprv
afijrw
ffiqmq
ffjqnv
giimsr
aehlrt
adhqqq
eejpst
cgnpsq
bhhkqv
beijtu
eeglpv
bkmpqp
biilmq
aklptw
adhptu
cggpss
celqow
eekptv
hknppu
aglotw
ddhomw
giimmq
bdilnr
cggntt
fiinns
bdglpv
adkotu
bhhqtv
ailppw
hjllmp
ajnnrr
ffllsw
cegqqp
bdjqmt
giijpv
admomu
bfiprs
chnnot
bhhjmq
bdlqmq
aggmrs
eklqtr
ekmpps
eenosw
fjnnrv
ddnqqq
gkllsu
hjmomp
eejjqw
ddinnq
afhjnp
cfkqsq
ajnntw
bdjjnt
cgnqst
bgnppu
ailpsq
fjmqtq
eiinpp
ffhpnw
gggqqs
bhmmrr
ginoot
aeglsw
cdiqtt
afkqts
eiinps
giiosw
ffglrr
cdjqtp
cejpss
ffjjsu
cdhopt
bemooq
ggnotp
hkmmtv
bdnoow
bkllqv
afhksu
agnpss
bdnnrt
ahnpou
hhhjqp
dimomv
adlpsw
bhhqpr
ddmpts
gilprp
bdmqnu
hhlpqt
ajmmqt
aehjnw
aehnrr
aeiomu
ggglor
aknnst
cegmnq
eiloss
ggmont
aeikot
eekqrr
adhlmt
cdiqtu
gglqsr
akmpmw
bfiomu
eimptp
ffhjor
aknnqs
bdikpw
aimqpq
bfjjmt
bdhmoq
cdkkmp
cfhqnr
eekqsr
cdjpss
eegjot
bggnmw
ejnopw
adlqsr
bdmqrp
diiqtr
behqsw
ggmmtq
beiqpw
ddijtw
bdnnrp
bdjjqq
afnnnw
fjnqqw
ejnpos
eejprw
beinos
eiiotr
ddiqou
hklqqp
bdkqtr
fjmmrr
afhjnt
dillnv
ffnprt
chnpsp
bdmmtt
bdllrq
cdnnts
djnnmt
bfgkqt
eeikru
cjmqmv
fkloqu
eemonu
eekpow
cehpqw
adhjqs
ceiqru
bdjjrt
ffinnp
ajlqrt
bdnnqq
adhkpt
bfkqov
begoos
akmpqu
gjlppr
bdmmot
hhloqt
ahnqrs
adgotv
cjloor
bdnptq
bdgmmv
chmmrt
bfnosv
agmotr
bejqrt
bdgptu
ddkoou
ffgqmp
ckkknt
cfgknq
ceinrr
ffmqmr
eimoov
aehnrw
fiioqw
bfgjpt
ffgonw
ciinnt
bfnpoq
bdhptv
adgkrv
hhmmqp
eeinnp
hhhmqr
chhqmp
ggllow
beiqns
afjopr
cggmtu
ddhlms
bdmoru
ffiqmr
bilotu
aimqsq
cfkoot
begnmr
aklqtv
gillpv
hjmqpw
aknqru
aemoos
fklotu
ffgptv
agnnmr
belppv
ahhprv
ajloow
cilpnv
eknqpp
cejjos
hkllsp
cgmomr
ffgktq
cdijsp
ahhjpu
bdhost
ahmqrw
begkrq
begmpw
cehosu
fjlqtr
ceijtw
ffkotu
himonu
eellnq
belosp
aenotw
cimotq
cggoov
cfiqpv
afjqpr
hhlloq
bdnorp
bdinmr
afgkqp
fimprq
hhlptp
adhpru
aelqsu
bflqqr
adilqv
ahmorv
gkmmsr
ddglpw
ddgmqq
bejprp
dilqns
ckmont
cegjqq
fjjqqq
fiipss
afmoot
djjqrw
ggnnpq
bdiksu
bfilou
hilqsp
biilqq
bfhmst
bfimtt
hhmmqt
bdhktw
bdhoos
bgmmmv
eeiltw
aeinqs
ddnnnv
fkmosr
cdmors
agmqrq
bhhotq
aegmqv
bfglrs
cilpmr
ddllor
agnqnr
cdhntt
ejnptv
cimqpw
gklpnr
bfhjtr
bknqns
afikpr
hjnpsp
chhpsp
aegnrp
bkkqqp
admmpu
eekkov
aeimms
bhlprv
diilps
cdgorq
ggmptp
ddhnov
ekllsq
ajmqtp
dimprw
gimmtu
eenppu
afjpqs
cdiqsv
bdmqnp
hkkoqs
aekkps
cinons
afionw
afkkot
djmqpp
eegmsp
bglqqv
afglou
bfjqow
aennms
bdilrs
cggmsr
adkpor
behmsp
begpru
adhqrt
bfmqtv
ejlptu
ggmppp
cdiptu
fjlqnr
hjjptw
ffjont
djnqpr
ffijnr
bimpsu
bhnpsq
chhpor
hjnqtu
ginqsq
aimptu
cgmoqp
bknqsr
hillpu
aenoqv
fknnms
hhhjrs
fimqtr
ddiqtq
beinsp
cknnnu
bfhpoq
gklqru
fkmppq
cfkkms
aggqqv
fiimsq
eknqmw
bjnpnq
beiotu
ailosv
cegqss
hkkkts
adkknr
bfjopv
ddinnp
hkmmmq
afgmtu
hkmprp
ffkprp
ejlprt
bdgkps
aimpqs
cgnots
hjloqs
eehqnu
ddilrp
bfinov
gklqsq
fiimot
cillmw
cfgkor
bjlorr
eegoor
eeimsu
diiltt
cgmppv
adnqtu
bdkksp
bdilru
eiionv
ffhqtw
gggqsv
chlpmv
ffgopr
ddiknv
bflorr
cfgotq
cfkkrr
cdjqst
cenoru
gklqqv
cknoov
ddgpms
cdkqtp
cfgnmt
dinqqq
einqqq
binnpq
cfmpsp
behqop
adjorq
cekoru
bdijqt
adglsw
cfgorw
cdgkpp
ddgorr
fknpqp
dklqqw
giloqp
benpnw
bdgjtq
hhnpts
afhnqq
celqor
ginnmw
afhjnq
cfjqnw
dimqrt
ciiqsr
afhqop
cdilnu
cdhoss
ekkoss
bellsu
bfhqsr
behnns
ggnoos
cegotr
eehjrv
cfilsv
bkkppq
agmopr
gklqtq
hinnsr
ddloov
ddiqpv
diijpv
bhmqow
ciipqs
billst
ckmopp
ggnqor
cfgqqu
gilpnw
eejost
ciijor
cekomr
eegknu
gimosp
cgnnos
ddmoms
aeglsp
eenoqw
aehlmq
ffjpmq
cehlmr
bdgors
ddkosv
bdkpnt
cfnnnt
cegoqw
ggmmov
gilpmw
hjlost
hiiooq
cgmqrw
afnotw
ffgnnu
agnotw
ffhnmr
cgmmtt
cimqpp
begqru
bhllpr
ckmqqt
bdmmsq
fjmmpp
eillpr
gilpou
hklltr
akmmtv
cejqqr
bflpoq
djmmnw
hjlltq
cegmpw
bflpss
ajlpop
ceinpr
gimpst
ddgktt
diinqs
aehkov
cdgpnv
cinnsr
bdmpsv
hjllos
ginnpq
gkmonq
cejoqw
cegmpu
cfgqrw
bdgntv
cinpmp
eelpos
bkkqsp
aeilnr
cilqoq
fiiqqq
cglppt
cdhort
admotw
ffmmrt
ffikrp
aejpru
hkllsv
akkptp
belosr
cdkqmp
adjjos
eeloow
begort
aehonq
bilqqp
cfinrs
aiilsv
ciimsw
ffkptv
ajmqnq
cdhkrq
eimqot
ffnqqw
adkkmw
bfhntv
bhmmmw
ggmopr
cfijoq
bfhjmr
cfmqqv
gjllrs
bfgosw
gjjqqs
aemmsu
ajjjmu
ggnpnr
hhhlqw
admomw
cinnmq
eehlmq
biiqst
celltw
fkkksw
gglptw
afgprw
bflpsv
aflpnr
ffmqmu
bklpts
aimmtt
hhnppr
eimqrr
fiijrs
hjmotp
beioop
bknots
gjlorv
ffijqu
ejllru
fimotp
gklpqw
einntt
aiipsu
bfglsu
ahhlnq
ffnqrs
dklotw
ejmpou
chhmmv
chhkoq
giilpt
bjnpnr
ffhjmq
ddhmmt
cfhlrv
hhnoqr
biiqmr
aemqrt
adhjnr
ffnntw
cgmqot
hkkonp
bflorq
hjnnnt
aimpnp
aejomu
cjlost
cegktq
bdgkqq
hhhntv
diimtt
eenqru
einorv
aeiorq
bfmmqs
gglqqs
cgllst
ceipmr
hhhmrr
bdinqq
dknonr
bklopr
bdjpqu
cdlqrr
bdimmu
eemprt
ffjqpw
cggmos
hjmqrs
celosv
aehnqq
ajjqow
bggntt
bfhksw
aklltv
ffgnnq
akllnu
