181
aaxsj
aacea
mmkcq
eeyvx
hhgzq
hhycc
aaois
mmyga
hhkrx
mmuzb
eeksd
vvxdt
kkxin
hhumz
hhwln
eewbr
aapsl
hhswo
aabgz
vvqzx
mmpuj
hhsve
vvkws
aaqpk
dddpn
hhbpt
eevze
mmzdz
kkqka
vvhjd
kkldd
hhjht
aajjo
vvdba
aaldu
hhyxp
eettw
gggge
aaprd
mmere
wwwjr
mmsjf
aafee
vvbml
llljj
ooobp
mmzux
eefas
mmdti
nnniv
mmjzu
kkruz
mmbgs
eezly
nnnww
xxxqw
vvcrj
pppwp
hhezi
aavxq
eeyaa
hhwab
kktdm
nnnbt
rrraz
vvtee
aaikw
kkoro
aaidq
mmpaf
aazbs
aadve
hhlre
aavcw
mmnon
hhuqt
mmnzs
vvqov
hhtek
mmiba
ffffa
mmjej
kkmpq
oooem
jjjcc
vvudl
hhltg
sssiy
pppmg
kkmlw
vvkyg
eelaf
eesrc
aaeld
eekra
mmnlf
iiifu
kkuyc
vvrrq
hhpnh
hhcoh
eeimi
qqqxl
kkgfj
kkwxq
mmedl
hhlzk
aafyp
hhgzb
eeafs
eewmw
mmwqp
rrrzt
kkxgj
kkmsx
dddhm
vvwdd
nnnzt
vvlnv
aabxy
vvooc
zzzqs
eedpc
bbbti
hhsxr
eenux
aawkz
eesmn
tttao
aangz
hhmok
aaxza
aaykl
eeltz
mmvrt
eerre
eecbp
aabdz
vvsqj
kkwsf
vvffx
mmxya
nnnrx
hhltc
eeqri
vvjur
vvybp
nnnas
vvyoo
kkvnx
qqqor
jjjev
mmvog
vvhbg
vvbxt
cccoo
eensg
vvgms
mmjlx
mmqmv
hhfgf
vvkii
aarrh
uuuuk
aahzi
kklxe
aaqiq
yyypc
kkmzm
hhkze
kkebq
mmkdh
mmadk
hhlsr
hheom
kktvu
hhfro
aarur
kklpz
vvbur
eevaf
