19 46
18 23
19 46
19 48
11 36
2 21
2 17
21 48
41 50
8 22
2 22
24 50
2 36
2 17
2 22
2 33
2 22
2 22
7 18
2 17
36 50
28 43
19 47
19 46
2 21
19 49
2 17
8 49
24 42
19 37
19 42
29 50
2 17
21 46
2 22
19 42
24 49
19 46
38 50
29 50
34 47
24 50
21 42
24 50
23 50
2 22
8 33
2 21
29 50
1 1
