co
khong
co
co
co
khong
co
co
co
co
co
co
co
co
co
co
khong
co
co
co
co
co
co
co
co
co
co
khong
co
co
co
khong
co
co
co
co
co
co
co
khong
co
khong
co
co
co
co
co
co
co
co
khong
co
co
co
co
co
co
co
khong
co
co
co
co
co
khong
khong
co
co
co
co
co
co
co
co
co
co
khong
khong
co
co
co
co
co
co
co
khong
co
co
co
co
co
co
co
khong
co
co
co
khong
co
khong
co
khong
co
khong
khong
co
co
co
co
co
co
co
khong
co
co
co
co
co
co
co
co
co
co
co
co
co
co
co
co
co
khong
co
co
co
co
khong
co
co
co
co
co
co
co
co
co
khong
co
co
co
co
khong
co
co
co
co
co
co
co
co
co
co
co
co
co
khong
co
co
co
co
khong
co
co
co
co
co
co
co
khong
co
khong
co
co
co
co
co
co
co
co
co
co
co
khong
co
co
co
co
co
khong
co
co
co
co
co
khong
co
co
khong
co
co
co
co
khong
co
co
co
khong
co
co
khong
co
co
co
co
co
co
khong
co
co
co
co
khong
co
co
co
co
khong
khong
co
co
co
co
co
co
co
khong
khong
khong
co
co
co
co
co
co
co
co
khong
co
co
co
co
khong
co
khong
co
khong
co
co
co
khong
co
khong
co
khong
co
co
co
co
co
co
co
co
co
co
co
co
co
co
co
khong
khong
co
co
co
co
co
co
co
khong
co
khong
co
co
co
co
co
co
co
khong
co
khong
co
co
co
co
khong
co
co
khong
co
co
co
co
co
co
co
co
co
co
co
co
khong
co
co
co
co
khong
khong
co
co
co
co
co
khong
co
co
co
co
co
co
khong
co
co
khong
co
khong
co
co
co
co
co
co
co
khong
co
co
khong
co
co
co
co
co
co
co
khong
co
co
khong
co
co
co
co
co
co
co
co
khong
khong
co
co
co
co
co
co
co
co
co
co
co
co
khong
khong
co
co
co
co
co
co
co
co
co
co
khong
co
co
co
co
khong
co
co
co
co
khong
khong
co
khong
co
co
co
co
co
co
khong
co
co
khong
co
co
co
co
co
co
co
co
co
co
khong
co
co
co
co
khong
co
khong
co
co
co
co
co
co
co
khong
khong
khong
co
co
co
co
co
co
co
co
co
co
co
co
khong
co
co
khong
co
co
co
co
co
khong
co
co
co
co
co
co
co
co
co
co
co
co
co
co
khong
co
co
co
co
co
khong
co
co
khong
co
co
co
co
khong
co
co
co
co
co
khong
khong
co
khong
co
co
co
co
co
co
co
co
co
co
khong
co
co
co
co
co
co
co
khong
khong
co
khong
co
co
co
khong
co
co
co
co
co
co
co
khong
co
co
co
co
co
co
co
co
khong
co
co
co
co
co
co
co
co
co
co
co
khong
khong
khong
co
khong
co
co
co
co
co
co
co
khong
co
khong
khong
co
co
co
co
co
co
co
co
co
co
co
co
co
co
co
co
co
khong
co
co
co
co
co
co
co
co
khong
co
co
co
co
co
co
co
co
co
co
co
co
khong
co
co
khong
co
co
co
co
khong
co
co
co
co
co
co
co
co
co
co
co
co
co
co
khong
co
co
co
co
co
co
khong
khong
khong
co
co
co
co
co
co
khong
co
co
co
khong
co
co
co
khong
co
co
co
co
co
co
co
co
co
co
co
co
khong
co
co
co
co
khong
co
co
co
co
co
co
co
co
co
khong
co
khong
co
co
co
co
khong
co
co
khong
khong
co
co
co
co
co
co
co
khong
co
co
co
co
co
co
co
co
co
co
khong
co
co
co
co
co
co
co
khong
co
co
co
co
co
co
co
co
co
co
co
co
co
co
co
co
co
co
co
co
co
co
co
co
co
co
khong
co
co
co
co
co
co
co
co
co
co
co
co
co
co
co
co
co
khong
khong
co
co
co
co
co
co
co
co
co
co
co
co
co
co
co
co
co
co
khong
co
co
co
co
co
co
co
co
co
co
co
khong
khong
co
khong
khong
co
co
co
co
khong
co
khong
co
co
co
co
co
co
co
khong
co
khong
co
co
co
khong
co
khong
co
co
co
co
co
co
co
co
co
co
co
co
co
co
co
co
co
co
co
co
co
co
co
khong
co
co
khong
co
co
co
khong
khong
co
co
co
co
co
co
co
co
co
co
khong
co
co
co
co
co
co
co
co
khong
co
co
co
khong
co
khong
co
co
co
co
co
co
co
co
co
co
co
co
co
co
co
co
co
co
co
co
co
co
khong
co
co
co
khong
co
co
co
co
co
co
co
co
co
co
co
co
co
co
khong
co
co
co
khong
khong
co
co
co
co
co
co
co
khong
co
co
co
co
co
khong
khong
co
co
khong
co
co
co
co
co
co
co
co
co
co
co
co
co
co
co
co
co
co
co
co
khong
co
co
co
co
khong
co
